main :: forall d. ((d + d) -> d) = (recfun f :: ((d + d) -> d) x = (case x of Inl z -> z;
                                                                              Inr k -> k;));
