main :: forall j. forall f. ((j * f + j) -> j) = (recfun f :: ((j * f + j) -> j) x = (case snd x of Inl y -> fst x;
                                                                                                    Inr z -> z;));
