main :: forall g. (Int -> (g -> Int) * Int) = (recfun f :: (Int -> (g -> Int) * Int) x = (let m :: forall e. (e -> Int) = (recfun h :: (e -> Int) m = let z :: Int = x;
                                                                                                                                                      in x);
                                                                                          in m, (+) x 1));
