main :: Int = let f :: (Int -> Int -> Int) = (recfun f :: (Int -> Int -> Int) x = (recfun g :: (Int -> Int) y = (*) x ((- y))));
              in let z :: forall h. (h -> Int -> Int) = (recfun z :: (h -> Int -> Int) x = f 3);
                 in z 2 4;
