main :: Int = let g :: (Int -> Int) = (recfun g' :: (Int -> Int) x = (*) x x);
              in let f :: (Int -> Int) = g;
                 in g 7;
