main :: Int = (recfun f :: (Int -> Int) x = x) 1;
